{"synthetic": false,
 "schemaVersion": "2025-09-10",
 "outputs":
 {"o": ["49c344358d6e617f.olean"],
  "m": false,
  "i": "98eb6695071425d4.ilean",
  "c": "280bd8b62602f857.c"},
 "log":
 [{"message":
   ".> LEAN_PATH=/home/anuragr/development/git/research/papers/subjective_racism/theory_and_decisions/lean_project/.lake/packages/Cli/.lake/build/lib/lean:/home/anuragr/development/git/research/papers/subjective_racism/theory_and_decisions/lean_project/.lake/packages/batteries/.lake/build/lib/lean:/home/anuragr/development/git/research/papers/subjective_racism/theory_and_decisions/lean_project/.lake/packages/Qq/.lake/build/lib/lean:/home/anuragr/development/git/research/papers/subjective_racism/theory_and_decisions/lean_project/.lake/packages/aesop/.lake/build/lib/lean:/home/anuragr/development/git/research/papers/subjective_racism/theory_and_decisions/lean_project/.lake/packages/proofwidgets/.lake/build/lib/lean:/home/anuragr/development/git/research/papers/subjective_racism/theory_and_decisions/lean_project/.lake/packages/importGraph/.lake/build/lib/lean:/home/anuragr/development/git/research/papers/subjective_racism/theory_and_decisions/lean_project/.lake/packages/LeanSearchClient/.lake/build/lib/lean:/home/anuragr/development/git/research/papers/subjective_racism/theory_and_decisions/lean_project/.lake/packages/plausible/.lake/build/lib/lean:/home/anuragr/development/git/research/papers/subjective_racism/theory_and_decisions/lean_project/.lake/packages/mathlib/.lake/build/lib/lean:/home/anuragr/development/git/research/papers/subjective_racism/theory_and_decisions/jeffrey_vs_bayes_micromacro/lean/.lake/build/lib/lean /home/anuragr/.elan/toolchains/leanprover--lean4---v4.32.0-rc1/bin/lean /home/anuragr/development/git/research/papers/subjective_racism/theory_and_decisions/jeffrey_vs_bayes_micromacro/lean/JeffreyOrder/Decision.lean -o /home/anuragr/development/git/research/papers/subjective_racism/theory_and_decisions/jeffrey_vs_bayes_micromacro/lean/.lake/build/lib/lean/JeffreyOrder/Decision.olean -i /home/anuragr/development/git/research/papers/subjective_racism/theory_and_decisions/jeffrey_vs_bayes_micromacro/lean/.lake/build/lib/lean/JeffreyOrder/Decision.ilean -c /home/anuragr/development/git/research/papers/subjective_racism/theory_and_decisions/jeffrey_vs_bayes_micromacro/lean/.lake/build/ir/JeffreyOrder/Decision.c --setup /home/anuragr/development/git/research/papers/subjective_racism/theory_and_decisions/jeffrey_vs_bayes_micromacro/lean/.lake/build/ir/JeffreyOrder/Decision.setup.json --json",
   "level": "trace"}],
 "inputs":
 [["JeffreyOrder.Decision:deps",
   [["deps",
     [["jeffreyorder/JeffreyOrder:extraDep",
       [["@jeffreyorder:extraDep", "00000000000006bb"]]],
      ["imports",
       [["Mathlib.MeasureTheory.Integral.Lebesgue.Basic transitive imports (legacy)",
         "15902048c1015fc3"],
        ["Mathlib.MeasureTheory.Integral.Lebesgue.Basic:importAllArts",
         "e8bfd640958b4ea2"],
        ["Mathlib.MeasureTheory.Measure.Lebesgue.Basic transitive imports (legacy)",
         "34fbf57b770266bc"],
        ["Mathlib.MeasureTheory.Measure.Lebesgue.Basic:importAllArts",
         "d87751a9f938d797"],
        ["Mathlib.Tactic.Linarith transitive imports (legacy)",
         "a5b22c8883029690"],
        ["Mathlib.Tactic.Linarith:importAllArts", "863906d5fcf5f075"]]]]],
    ["libs",
     [["import dynlibs", "00000000000006bb"],
      ["package external libraries", "00000000000006bb"],
      ["module dynlibs", "00000000000006bb"],
      ["module plugins", "00000000000006bb"]]]]],
  ["Lean 4.32.0, commit b4812ae53eea93439ad5dce5a5c26591c31cb697",
   "9f30fb205c97627b"],
  ["/home/anuragr/development/git/research/papers/subjective_racism/theory_and_decisions/jeffrey_vs_bayes_micromacro/lean/JeffreyOrder/Decision.lean",
   "34940b3e4fcc6141"],
  ["options",
   [["-DmaxSynthPendingDepth=3", "c78e353d34de85d4"],
    ["-DrelaxedAutoImplicit=false", "74a2b5546b55be80"],
    ["-Dpp.unicode.fun=true", "9b94070140457fab"]]],
  ["isModule: false", "feefd2a0d3a1847e"],
  ["Module.name: JeffreyOrder.Decision", "b026795cbd2b1511"],
  ["Package.id?: (some jeffreyorder)", "2e2b9cdf0666d092"],
  ["Module.leanArgs: #[]", "00000000000006bb"]],
 "depHash": "52ca93471fccbc68"}