{"synthetic": false,
 "schemaVersion": "2025-09-10",
 "outputs":
 {"o": ["ee001b979a89130f.olean"],
  "m": false,
  "i": "93126bd0b3a45852.ilean",
  "c": "46b7083493803c61.c"},
 "log":
 [{"message":
   ".> LEAN_PATH=/home/anuragr/development/git/research/papers/subjective_racism/theory_and_decisions/lean_project/.lake/packages/Cli/.lake/build/lib/lean:/home/anuragr/development/git/research/papers/subjective_racism/theory_and_decisions/lean_project/.lake/packages/batteries/.lake/build/lib/lean:/home/anuragr/development/git/research/papers/subjective_racism/theory_and_decisions/lean_project/.lake/packages/Qq/.lake/build/lib/lean:/home/anuragr/development/git/research/papers/subjective_racism/theory_and_decisions/lean_project/.lake/packages/aesop/.lake/build/lib/lean:/home/anuragr/development/git/research/papers/subjective_racism/theory_and_decisions/lean_project/.lake/packages/proofwidgets/.lake/build/lib/lean:/home/anuragr/development/git/research/papers/subjective_racism/theory_and_decisions/lean_project/.lake/packages/importGraph/.lake/build/lib/lean:/home/anuragr/development/git/research/papers/subjective_racism/theory_and_decisions/lean_project/.lake/packages/LeanSearchClient/.lake/build/lib/lean:/home/anuragr/development/git/research/papers/subjective_racism/theory_and_decisions/lean_project/.lake/packages/plausible/.lake/build/lib/lean:/home/anuragr/development/git/research/papers/subjective_racism/theory_and_decisions/lean_project/.lake/packages/mathlib/.lake/build/lib/lean:/home/anuragr/development/git/research/papers/subjective_racism/theory_and_decisions/jeffrey_vs_bayes_micromacro/lean/.lake/build/lib/lean /home/anuragr/.elan/toolchains/leanprover--lean4---v4.32.0-rc1/bin/lean /home/anuragr/development/git/research/papers/subjective_racism/theory_and_decisions/jeffrey_vs_bayes_micromacro/lean/JeffreyOrder/PropDIV.lean -o /home/anuragr/development/git/research/papers/subjective_racism/theory_and_decisions/jeffrey_vs_bayes_micromacro/lean/.lake/build/lib/lean/JeffreyOrder/PropDIV.olean -i /home/anuragr/development/git/research/papers/subjective_racism/theory_and_decisions/jeffrey_vs_bayes_micromacro/lean/.lake/build/lib/lean/JeffreyOrder/PropDIV.ilean -c /home/anuragr/development/git/research/papers/subjective_racism/theory_and_decisions/jeffrey_vs_bayes_micromacro/lean/.lake/build/ir/JeffreyOrder/PropDIV.c --setup /home/anuragr/development/git/research/papers/subjective_racism/theory_and_decisions/jeffrey_vs_bayes_micromacro/lean/.lake/build/ir/JeffreyOrder/PropDIV.setup.json --json",
   "level": "trace"},
  {"message":
   "JeffreyOrder/PropDIV.lean:110:60: Variable name `hD` is not explicitly referenced.\n\nThe binding can be removed (if unused) or named `_` (if used implicitly).\n\nNote: This linter can be disabled with `set_option linter.unusedVariables false`",
   "level": "warning"},
  {"message":
   "JeffreyOrder/PropDIV.lean:118:60: Variable name `hD` is not explicitly referenced.\n\nThe binding can be removed (if unused) or named `_` (if used implicitly).\n\nNote: This linter can be disabled with `set_option linter.unusedVariables false`",
   "level": "warning"},
  {"message":
   "JeffreyOrder/PropDIV.lean:126:60: Variable name `hD` is not explicitly referenced.\n\nThe binding can be removed (if unused) or named `_` (if used implicitly).\n\nNote: This linter can be disabled with `set_option linter.unusedVariables false`",
   "level": "warning"},
  {"message":
   "JeffreyOrder/PropDIV.lean:134:60: Variable name `hD` is not explicitly referenced.\n\nThe binding can be removed (if unused) or named `_` (if used implicitly).\n\nNote: This linter can be disabled with `set_option linter.unusedVariables false`",
   "level": "warning"},
  {"message":
   "JeffreyOrder/PropDIV.lean:144:60: Variable name `hD` is not explicitly referenced.\n\nThe binding can be removed (if unused) or named `_` (if used implicitly).\n\nNote: This linter can be disabled with `set_option linter.unusedVariables false`",
   "level": "warning"},
  {"message":
   "JeffreyOrder/PropDIV.lean:152:60: Variable name `hD` is not explicitly referenced.\n\nThe binding can be removed (if unused) or named `_` (if used implicitly).\n\nNote: This linter can be disabled with `set_option linter.unusedVariables false`",
   "level": "warning"},
  {"message":
   "JeffreyOrder/PropDIV.lean:160:60: Variable name `hD` is not explicitly referenced.\n\nThe binding can be removed (if unused) or named `_` (if used implicitly).\n\nNote: This linter can be disabled with `set_option linter.unusedVariables false`",
   "level": "warning"},
  {"message":
   "JeffreyOrder/PropDIV.lean:168:60: Variable name `hD` is not explicitly referenced.\n\nThe binding can be removed (if unused) or named `_` (if used implicitly).\n\nNote: This linter can be disabled with `set_option linter.unusedVariables false`",
   "level": "warning"},
  {"message":
   "JeffreyOrder/PropDIV.lean:178:93: Variable name `hD` is not explicitly referenced.\n\nThe binding can be removed (if unused) or named `_` (if used implicitly).\n\nNote: This linter can be disabled with `set_option linter.unusedVariables false`",
   "level": "warning"},
  {"message":
   "JeffreyOrder/PropDIV.lean:186:93: Variable name `hD` is not explicitly referenced.\n\nThe binding can be removed (if unused) or named `_` (if used implicitly).\n\nNote: This linter can be disabled with `set_option linter.unusedVariables false`",
   "level": "warning"},
  {"message":
   "JeffreyOrder/PropDIV.lean:194:93: Variable name `hD` is not explicitly referenced.\n\nThe binding can be removed (if unused) or named `_` (if used implicitly).\n\nNote: This linter can be disabled with `set_option linter.unusedVariables false`",
   "level": "warning"},
  {"message":
   "JeffreyOrder/PropDIV.lean:202:93: Variable name `hD` is not explicitly referenced.\n\nThe binding can be removed (if unused) or named `_` (if used implicitly).\n\nNote: This linter can be disabled with `set_option linter.unusedVariables false`",
   "level": "warning"}],
 "inputs":
 [["JeffreyOrder.PropDIV:deps",
   [["deps",
     [["jeffreyorder/JeffreyOrder:extraDep",
       [["@jeffreyorder:extraDep", "00000000000006bb"]]],
      ["imports",
       [["JeffreyOrder.PropIMM transitive imports (legacy)",
         "8958f456ee5c886f"],
        ["JeffreyOrder.PropIMM:importAllArts", "4e747d2777f55e78"],
        ["JeffreyOrder.PropPRO transitive imports (legacy)",
         "7f309a9900aa6a1f"],
        ["JeffreyOrder.PropPRO:importAllArts", "49ead105c241ca99"],
        ["Mathlib.Analysis.Calculus.Deriv.Add transitive imports (legacy)",
         "cc3db9d622fc25ff"],
        ["Mathlib.Analysis.Calculus.Deriv.Add:importAllArts",
         "8fafb7f9048f633a"],
        ["Mathlib.Analysis.Calculus.Deriv.Mul transitive imports (legacy)",
         "727d2194074cf9f7"],
        ["Mathlib.Analysis.Calculus.Deriv.Mul:importAllArts",
         "7d66a7bc985efaa2"],
        ["Mathlib.Analysis.Calculus.Deriv.Inv transitive imports (legacy)",
         "46b65c49e8986236"],
        ["Mathlib.Analysis.Calculus.Deriv.Inv:importAllArts",
         "cbaaf1d0db213222"],
        ["Mathlib.Analysis.SpecialFunctions.Pow.Real transitive imports (legacy)",
         "b578157f587a6c54"],
        ["Mathlib.Analysis.SpecialFunctions.Pow.Real:importAllArts",
         "456aff9bed27c585"]]]]],
    ["libs",
     [["import dynlibs", "00000000000006bb"],
      ["package external libraries", "00000000000006bb"],
      ["module dynlibs", "00000000000006bb"],
      ["module plugins", "00000000000006bb"]]]]],
  ["Lean 4.32.0, commit b4812ae53eea93439ad5dce5a5c26591c31cb697",
   "9f30fb205c97627b"],
  ["/home/anuragr/development/git/research/papers/subjective_racism/theory_and_decisions/jeffrey_vs_bayes_micromacro/lean/JeffreyOrder/PropDIV.lean",
   "88a2eecb3ff05ed1"],
  ["options",
   [["-DmaxSynthPendingDepth=3", "c78e353d34de85d4"],
    ["-DrelaxedAutoImplicit=false", "74a2b5546b55be80"],
    ["-Dpp.unicode.fun=true", "9b94070140457fab"]]],
  ["isModule: false", "feefd2a0d3a1847e"],
  ["Module.name: JeffreyOrder.PropDIV", "f1d770b7aad4f0eb"],
  ["Package.id?: (some jeffreyorder)", "2e2b9cdf0666d092"],
  ["Module.leanArgs: #[]", "00000000000006bb"]],
 "depHash": "2373e7c36d77fc5e"}