{"synthetic": false,
 "schemaVersion": "2025-09-10",
 "outputs":
 {"o": ["2bb390f6940f06e0.olean"],
  "m": false,
  "i": "c20830c251cecfec.ilean",
  "c": "5d746f275a882f7f.c"},
 "log":
 [{"message":
   ".> LEAN_PATH=/home/anuragr/development/git/research/papers/subjective_racism/theory_and_decisions/lean_project/.lake/packages/Cli/.lake/build/lib/lean:/home/anuragr/development/git/research/papers/subjective_racism/theory_and_decisions/lean_project/.lake/packages/batteries/.lake/build/lib/lean:/home/anuragr/development/git/research/papers/subjective_racism/theory_and_decisions/lean_project/.lake/packages/Qq/.lake/build/lib/lean:/home/anuragr/development/git/research/papers/subjective_racism/theory_and_decisions/lean_project/.lake/packages/aesop/.lake/build/lib/lean:/home/anuragr/development/git/research/papers/subjective_racism/theory_and_decisions/lean_project/.lake/packages/proofwidgets/.lake/build/lib/lean:/home/anuragr/development/git/research/papers/subjective_racism/theory_and_decisions/lean_project/.lake/packages/importGraph/.lake/build/lib/lean:/home/anuragr/development/git/research/papers/subjective_racism/theory_and_decisions/lean_project/.lake/packages/LeanSearchClient/.lake/build/lib/lean:/home/anuragr/development/git/research/papers/subjective_racism/theory_and_decisions/lean_project/.lake/packages/plausible/.lake/build/lib/lean:/home/anuragr/development/git/research/papers/subjective_racism/theory_and_decisions/lean_project/.lake/packages/mathlib/.lake/build/lib/lean:/home/anuragr/development/git/research/papers/subjective_racism/theory_and_decisions/jeffrey_vs_bayes_micromacro/lean/.lake/build/lib/lean /home/anuragr/.elan/toolchains/leanprover--lean4---v4.32.0-rc1/bin/lean /home/anuragr/development/git/research/papers/subjective_racism/theory_and_decisions/jeffrey_vs_bayes_micromacro/lean/JeffreyOrder/PropA2.lean -o /home/anuragr/development/git/research/papers/subjective_racism/theory_and_decisions/jeffrey_vs_bayes_micromacro/lean/.lake/build/lib/lean/JeffreyOrder/PropA2.olean -i /home/anuragr/development/git/research/papers/subjective_racism/theory_and_decisions/jeffrey_vs_bayes_micromacro/lean/.lake/build/lib/lean/JeffreyOrder/PropA2.ilean -c /home/anuragr/development/git/research/papers/subjective_racism/theory_and_decisions/jeffrey_vs_bayes_micromacro/lean/.lake/build/ir/JeffreyOrder/PropA2.c --setup /home/anuragr/development/git/research/papers/subjective_racism/theory_and_decisions/jeffrey_vs_bayes_micromacro/lean/.lake/build/ir/JeffreyOrder/PropA2.setup.json --json",
   "level": "trace"},
  {"message":
   "JeffreyOrder/PropA2.lean:110:60: Variable name `hD` is not explicitly referenced.\n\nThe binding can be removed (if unused) or named `_` (if used implicitly).\n\nNote: This linter can be disabled with `set_option linter.unusedVariables false`",
   "level": "warning"},
  {"message":
   "JeffreyOrder/PropA2.lean:118:60: Variable name `hD` is not explicitly referenced.\n\nThe binding can be removed (if unused) or named `_` (if used implicitly).\n\nNote: This linter can be disabled with `set_option linter.unusedVariables false`",
   "level": "warning"},
  {"message":
   "JeffreyOrder/PropA2.lean:126:60: Variable name `hD` is not explicitly referenced.\n\nThe binding can be removed (if unused) or named `_` (if used implicitly).\n\nNote: This linter can be disabled with `set_option linter.unusedVariables false`",
   "level": "warning"},
  {"message":
   "JeffreyOrder/PropA2.lean:134:60: Variable name `hD` is not explicitly referenced.\n\nThe binding can be removed (if unused) or named `_` (if used implicitly).\n\nNote: This linter can be disabled with `set_option linter.unusedVariables false`",
   "level": "warning"},
  {"message":
   "JeffreyOrder/PropA2.lean:144:60: Variable name `hD` is not explicitly referenced.\n\nThe binding can be removed (if unused) or named `_` (if used implicitly).\n\nNote: This linter can be disabled with `set_option linter.unusedVariables false`",
   "level": "warning"},
  {"message":
   "JeffreyOrder/PropA2.lean:152:60: Variable name `hD` is not explicitly referenced.\n\nThe binding can be removed (if unused) or named `_` (if used implicitly).\n\nNote: This linter can be disabled with `set_option linter.unusedVariables false`",
   "level": "warning"},
  {"message":
   "JeffreyOrder/PropA2.lean:160:60: Variable name `hD` is not explicitly referenced.\n\nThe binding can be removed (if unused) or named `_` (if used implicitly).\n\nNote: This linter can be disabled with `set_option linter.unusedVariables false`",
   "level": "warning"},
  {"message":
   "JeffreyOrder/PropA2.lean:168:60: Variable name `hD` is not explicitly referenced.\n\nThe binding can be removed (if unused) or named `_` (if used implicitly).\n\nNote: This linter can be disabled with `set_option linter.unusedVariables false`",
   "level": "warning"},
  {"message":
   "JeffreyOrder/PropA2.lean:178:93: Variable name `hD` is not explicitly referenced.\n\nThe binding can be removed (if unused) or named `_` (if used implicitly).\n\nNote: This linter can be disabled with `set_option linter.unusedVariables false`",
   "level": "warning"},
  {"message":
   "JeffreyOrder/PropA2.lean:186:93: Variable name `hD` is not explicitly referenced.\n\nThe binding can be removed (if unused) or named `_` (if used implicitly).\n\nNote: This linter can be disabled with `set_option linter.unusedVariables false`",
   "level": "warning"},
  {"message":
   "JeffreyOrder/PropA2.lean:194:93: Variable name `hD` is not explicitly referenced.\n\nThe binding can be removed (if unused) or named `_` (if used implicitly).\n\nNote: This linter can be disabled with `set_option linter.unusedVariables false`",
   "level": "warning"},
  {"message":
   "JeffreyOrder/PropA2.lean:202:93: Variable name `hD` is not explicitly referenced.\n\nThe binding can be removed (if unused) or named `_` (if used implicitly).\n\nNote: This linter can be disabled with `set_option linter.unusedVariables false`",
   "level": "warning"}],
 "inputs":
 [["JeffreyOrder.PropA2:deps",
   [["deps",
     [["jeffreyorder/JeffreyOrder:extraDep",
       [["@jeffreyorder:extraDep", "00000000000006bb"]]],
      ["imports",
       [["JeffreyOrder.PropA1 transitive imports (legacy)", "26188a68a9871932"],
        ["JeffreyOrder.PropA1:importAllArts", "c531b785e8c6e875"],
        ["JeffreyOrder.PropC3 transitive imports (legacy)", "c7e93c7243ba25fc"],
        ["JeffreyOrder.PropC3:importAllArts", "77bd21c30f9e0647"],
        ["Mathlib.Analysis.Calculus.Deriv.Add transitive imports (legacy)",
         "cc3db9d622fc25ff"],
        ["Mathlib.Analysis.Calculus.Deriv.Add:importAllArts",
         "8fafb7f9048f633a"],
        ["Mathlib.Analysis.Calculus.Deriv.Mul transitive imports (legacy)",
         "727d2194074cf9f7"],
        ["Mathlib.Analysis.Calculus.Deriv.Mul:importAllArts",
         "7d66a7bc985efaa2"],
        ["Mathlib.Analysis.Calculus.Deriv.Inv transitive imports (legacy)",
         "46b65c49e8986236"],
        ["Mathlib.Analysis.Calculus.Deriv.Inv:importAllArts",
         "cbaaf1d0db213222"],
        ["Mathlib.Analysis.SpecialFunctions.Pow.Real transitive imports (legacy)",
         "b578157f587a6c54"],
        ["Mathlib.Analysis.SpecialFunctions.Pow.Real:importAllArts",
         "456aff9bed27c585"]]]]],
    ["libs",
     [["import dynlibs", "00000000000006bb"],
      ["package external libraries", "00000000000006bb"],
      ["module dynlibs", "00000000000006bb"],
      ["module plugins", "00000000000006bb"]]]]],
  ["Lean 4.32.0, commit b4812ae53eea93439ad5dce5a5c26591c31cb697",
   "9f30fb205c97627b"],
  ["/home/anuragr/development/git/research/papers/subjective_racism/theory_and_decisions/jeffrey_vs_bayes_micromacro/lean/JeffreyOrder/PropA2.lean",
   "c258e1c8b9b66dc1"],
  ["options",
   [["-DmaxSynthPendingDepth=3", "c78e353d34de85d4"],
    ["-DrelaxedAutoImplicit=false", "74a2b5546b55be80"],
    ["-Dpp.unicode.fun=true", "9b94070140457fab"]]],
  ["isModule: false", "feefd2a0d3a1847e"],
  ["Module.name: JeffreyOrder.PropA2", "5f95bac04b691f84"],
  ["Package.id?: (some jeffreyorder)", "2e2b9cdf0666d092"],
  ["Module.leanArgs: #[]", "00000000000006bb"]],
 "depHash": "058c50bfdeea9ddc"}