{"synthetic": false,
 "schemaVersion": "2025-09-10",
 "outputs":
 {"o": ["8ac049e4a27fb0db.olean"],
  "m": false,
  "i": "1ad255d32c92185b.ilean",
  "c": "26facd36389dad3d.c"},
 "log":
 [{"message":
   ".> LEAN_PATH=/home/anuragr/development/git/research/papers/subjective_racism/theory_and_decisions/lean_project/.lake/packages/Cli/.lake/build/lib/lean:/home/anuragr/development/git/research/papers/subjective_racism/theory_and_decisions/lean_project/.lake/packages/batteries/.lake/build/lib/lean:/home/anuragr/development/git/research/papers/subjective_racism/theory_and_decisions/lean_project/.lake/packages/Qq/.lake/build/lib/lean:/home/anuragr/development/git/research/papers/subjective_racism/theory_and_decisions/lean_project/.lake/packages/aesop/.lake/build/lib/lean:/home/anuragr/development/git/research/papers/subjective_racism/theory_and_decisions/lean_project/.lake/packages/proofwidgets/.lake/build/lib/lean:/home/anuragr/development/git/research/papers/subjective_racism/theory_and_decisions/lean_project/.lake/packages/importGraph/.lake/build/lib/lean:/home/anuragr/development/git/research/papers/subjective_racism/theory_and_decisions/lean_project/.lake/packages/LeanSearchClient/.lake/build/lib/lean:/home/anuragr/development/git/research/papers/subjective_racism/theory_and_decisions/lean_project/.lake/packages/plausible/.lake/build/lib/lean:/home/anuragr/development/git/research/papers/subjective_racism/theory_and_decisions/lean_project/.lake/packages/mathlib/.lake/build/lib/lean:/home/anuragr/development/git/research/papers/subjective_racism/theory_and_decisions/jeffrey_vs_bayes_micromacro/lean/.lake/build/lib/lean /home/anuragr/.elan/toolchains/leanprover--lean4---v4.32.0-rc1/bin/lean /home/anuragr/development/git/research/papers/subjective_racism/theory_and_decisions/jeffrey_vs_bayes_micromacro/lean/AssocLocality.lean -o /home/anuragr/development/git/research/papers/subjective_racism/theory_and_decisions/jeffrey_vs_bayes_micromacro/lean/.lake/build/lib/lean/AssocLocality.olean -i /home/anuragr/development/git/research/papers/subjective_racism/theory_and_decisions/jeffrey_vs_bayes_micromacro/lean/.lake/build/lib/lean/AssocLocality.ilean -c /home/anuragr/development/git/research/papers/subjective_racism/theory_and_decisions/jeffrey_vs_bayes_micromacro/lean/.lake/build/ir/AssocLocality.c --setup /home/anuragr/development/git/research/papers/subjective_racism/theory_and_decisions/jeffrey_vs_bayes_micromacro/lean/.lake/build/ir/AssocLocality.setup.json --json",
   "level": "trace"}],
 "inputs":
 [["AssocLocality:deps",
   [["deps",
     [["jeffreyorder/AssocLocality:extraDep",
       [["@jeffreyorder:extraDep", "00000000000006bb"]]],
      ["imports",
       [["Mathlib transitive imports (legacy)", "45201be0694e7a08"],
        ["Mathlib:importAllArts", "2a951705916d077b"]]]]],
    ["libs",
     [["import dynlibs", "00000000000006bb"],
      ["package external libraries", "00000000000006bb"],
      ["module dynlibs", "00000000000006bb"],
      ["module plugins", "00000000000006bb"]]]]],
  ["Lean 4.32.0, commit b4812ae53eea93439ad5dce5a5c26591c31cb697",
   "9f30fb205c97627b"],
  ["/home/anuragr/development/git/research/papers/subjective_racism/theory_and_decisions/jeffrey_vs_bayes_micromacro/lean/AssocLocality.lean",
   "417f065f24357b97"],
  ["options",
   [["-DmaxSynthPendingDepth=3", "c78e353d34de85d4"],
    ["-DrelaxedAutoImplicit=false", "74a2b5546b55be80"],
    ["-Dpp.unicode.fun=true", "9b94070140457fab"]]],
  ["isModule: false", "feefd2a0d3a1847e"],
  ["Module.name: AssocLocality", "8d749913fd1db46e"],
  ["Package.id?: (some jeffreyorder)", "2e2b9cdf0666d092"],
  ["Module.leanArgs: #[]", "00000000000006bb"]],
 "depHash": "f66f7e6b1b0c8811"}