{"synthetic": false,
 "schemaVersion": "2025-09-10",
 "outputs":
 {"o": ["90462735765a113c.olean"],
  "m": false,
  "i": "660753eaa8abfbf2.ilean",
  "c": "fcfa24ecfd2d75f8.c"},
 "log":
 [{"message":
   ".> LEAN_PATH=/home/anuragr/development/git/research/papers/subjective_racism/theory_and_decisions/lean_project/.lake/packages/Cli/.lake/build/lib/lean:/home/anuragr/development/git/research/papers/subjective_racism/theory_and_decisions/lean_project/.lake/packages/batteries/.lake/build/lib/lean:/home/anuragr/development/git/research/papers/subjective_racism/theory_and_decisions/lean_project/.lake/packages/Qq/.lake/build/lib/lean:/home/anuragr/development/git/research/papers/subjective_racism/theory_and_decisions/lean_project/.lake/packages/aesop/.lake/build/lib/lean:/home/anuragr/development/git/research/papers/subjective_racism/theory_and_decisions/lean_project/.lake/packages/proofwidgets/.lake/build/lib/lean:/home/anuragr/development/git/research/papers/subjective_racism/theory_and_decisions/lean_project/.lake/packages/importGraph/.lake/build/lib/lean:/home/anuragr/development/git/research/papers/subjective_racism/theory_and_decisions/lean_project/.lake/packages/LeanSearchClient/.lake/build/lib/lean:/home/anuragr/development/git/research/papers/subjective_racism/theory_and_decisions/lean_project/.lake/packages/plausible/.lake/build/lib/lean:/home/anuragr/development/git/research/papers/subjective_racism/theory_and_decisions/lean_project/.lake/packages/mathlib/.lake/build/lib/lean:/home/anuragr/development/git/research/papers/subjective_racism/theory_and_decisions/jeffrey_vs_bayes_micromacro/lean/.lake/build/lib/lean /home/anuragr/.elan/toolchains/leanprover--lean4---v4.32.0-rc1/bin/lean /home/anuragr/development/git/research/papers/subjective_racism/theory_and_decisions/jeffrey_vs_bayes_micromacro/lean/JeffreyOrder.lean -o /home/anuragr/development/git/research/papers/subjective_racism/theory_and_decisions/jeffrey_vs_bayes_micromacro/lean/.lake/build/lib/lean/JeffreyOrder.olean -i /home/anuragr/development/git/research/papers/subjective_racism/theory_and_decisions/jeffrey_vs_bayes_micromacro/lean/.lake/build/lib/lean/JeffreyOrder.ilean -c /home/anuragr/development/git/research/papers/subjective_racism/theory_and_decisions/jeffrey_vs_bayes_micromacro/lean/.lake/build/ir/JeffreyOrder.c --setup /home/anuragr/development/git/research/papers/subjective_racism/theory_and_decisions/jeffrey_vs_bayes_micromacro/lean/.lake/build/ir/JeffreyOrder.setup.json --json",
   "level": "trace"}],
 "inputs":
 [["JeffreyOrder:deps",
   [["deps",
     [["jeffreyorder/JeffreyOrder:extraDep",
       [["@jeffreyorder:extraDep", "00000000000006bb"]]],
      ["imports",
       [["JeffreyOrder.Basic transitive imports (legacy)", "848a436cc11b4e4a"],
        ["JeffreyOrder.Basic:importAllArts", "7ce107c728d4c78c"],
        ["JeffreyOrder.PropIMM transitive imports (legacy)",
         "8958f456ee5c886f"],
        ["JeffreyOrder.PropIMM:importAllArts", "4e747d2777f55e78"],
        ["JeffreyOrder.PropDEC transitive imports (legacy)",
         "577c0b013e27a063"],
        ["JeffreyOrder.PropDEC:importAllArts", "baffd127542482a2"],
        ["JeffreyOrder.LemmaSEP transitive imports (legacy)",
         "cf0c5e2da86f5153"],
        ["JeffreyOrder.LemmaSEP:importAllArts", "2703ef529f15d9cd"],
        ["JeffreyOrder.PropPRO transitive imports (legacy)",
         "7f309a9900aa6a1f"],
        ["JeffreyOrder.PropPRO:importAllArts", "49ead105c241ca99"],
        ["JeffreyOrder.Decision transitive imports (legacy)",
         "4e3995641b4e1c00"],
        ["JeffreyOrder.Decision:importAllArts", "183f3e335f814dde"],
        ["JeffreyOrder.PropDIV transitive imports (legacy)",
         "f4b7e69bf67d111c"],
        ["JeffreyOrder.PropDIV:importAllArts", "49d5cb600df0fc8e"],
        ["JeffreyOrder.Aggregate transitive imports (legacy)",
         "c07079f2907c4630"],
        ["JeffreyOrder.Aggregate:importAllArts", "58ab77b62ff8e5d8"],
        ["JeffreyOrder.PropORD transitive imports (legacy)",
         "f03de361e26953c3"],
        ["JeffreyOrder.PropORD:importAllArts", "275663da75f3d6c6"],
        ["JeffreyOrder.Anchoring transitive imports (legacy)",
         "799e3ea34bca2e2f"],
        ["JeffreyOrder.Anchoring:importAllArts", "6f1d23b3753bff4b"],
        ["JeffreyOrder.Ladder transitive imports (legacy)", "ae35c52d359a5a31"],
        ["JeffreyOrder.Ladder:importAllArts", "724b53d919b11175"],
        ["JeffreyOrder.LadderFactorPow transitive imports (legacy)",
         "957069bf44c5eb56"],
        ["JeffreyOrder.LadderFactorPow:importAllArts", "4f6e07bee6ddbbfa"]]]]],
    ["libs",
     [["import dynlibs", "00000000000006bb"],
      ["package external libraries", "00000000000006bb"],
      ["module dynlibs", "00000000000006bb"],
      ["module plugins", "00000000000006bb"]]]]],
  ["Lean 4.32.0, commit b4812ae53eea93439ad5dce5a5c26591c31cb697",
   "9f30fb205c97627b"],
  ["/home/anuragr/development/git/research/papers/subjective_racism/theory_and_decisions/jeffrey_vs_bayes_micromacro/lean/JeffreyOrder.lean",
   "11b4d064eebb38fb"],
  ["options",
   [["-DmaxSynthPendingDepth=3", "c78e353d34de85d4"],
    ["-DrelaxedAutoImplicit=false", "74a2b5546b55be80"],
    ["-Dpp.unicode.fun=true", "9b94070140457fab"]]],
  ["isModule: false", "feefd2a0d3a1847e"],
  ["Module.name: JeffreyOrder", "bfe9fec04bf373f0"],
  ["Package.id?: (some jeffreyorder)", "2e2b9cdf0666d092"],
  ["Module.leanArgs: #[]", "00000000000006bb"]],
 "depHash": "7594e751ec660c1b"}